// Jest Snapshot v1, https://goo.gl/fbAQLP

exports[`Upload render component when files do not exist, component is rendered correctly 1`] = `
<div
  class="flex flex-col justify-center items-center"
>
  <!---->
   
  <button
    class="mt-10 bg-black text-white border rounded-full pl-2 pr-6 py-1"
  >
    <fa-stub
      icon="angle-down"
      style="width: 30px;"
    />
    Upload file
  
  </button>
   
  <uploadmodal-stub
    style="display: none;"
  />
</div>
`;

exports[`Upload render component when files exists, component is rendered correctly 1`] = `
<div
  class="flex flex-col justify-center items-center"
>
  <div
    class="mt-20 border border-solid border-black shadow-lg rounded-lg"
  >
    <table
      class="mx-10 my-5"
    >
      <tr>
        <th
          class="px-4"
        />
         
        <th
          class="px-4 text-left"
        >
          Filename
        </th>
         
        <th
          class="px-4 text-left"
        >
          Description
        </th>
         
        <th
          class="px-4 text-left"
        >
          Uploaded by
        </th>
         
        <th
          class="px-4 text-left"
        >
          Date
        </th>
      </tr>
       
      <tr>
        <td
          class="mr-4"
        >
          <!---->
           
          <!---->
           
          <span>
            <fa-stub
              icon="file-image"
              style="width: 2rem; height: 2rem;"
            />
          </span>
        </td>
         
        <td
          class="truncate max-width-characters p-4"
        >
          <a
            href="http://localhost:8081/files/cake-1636911777243.jpg"
          >
            cake-1636911777243.jpg
          </a>
        </td>
         
        <td
          class="p-4"
        >
          this is a jpg file
        </td>
         
        <td
          class="p-4"
        >
          Felicia
        </td>
         
        <td
          class="p-4"
        >
          14/11/2021
        </td>
         
        <td
          class="pl-4"
        >
          <fa-stub
            class="text-black text-sm w-5 h-5 cursor-pointer"
            icon="times"
          />
        </td>
      </tr>
      <tr>
        <td
          class="mr-4"
        >
          <!---->
           
          <span>
            <fa-stub
              icon="file-pdf"
              style="width: 2rem; height: 2rem;"
            />
          </span>
           
          <!---->
        </td>
         
        <td
          class="truncate max-width-characters p-4"
        >
          <a
            href="http://localhost:8081/files/pdf-sample-1636911816661.pdf"
          >
            pdf-sample-1636911816661.pdf
          </a>
        </td>
         
        <td
          class="p-4"
        >
          this is a pdf
        </td>
         
        <td
          class="p-4"
        >
          Felicia
        </td>
         
        <td
          class="p-4"
        >
          14/11/2021
        </td>
         
        <td
          class="pl-4"
        >
          <fa-stub
            class="text-black text-sm w-5 h-5 cursor-pointer"
            icon="times"
          />
        </td>
      </tr>
      <tr>
        <td
          class="mr-4"
        >
          <span>
            <fa-stub
              icon="file-code"
              style="width: 2rem; height: 2rem;"
            />
          </span>
           
          <!---->
           
          <!---->
        </td>
         
        <td
          class="truncate max-width-characters p-4"
        >
          <a
            href="http://localhost:8081/files/test-1636911753512.xml"
          >
            test-1636911753512.xml
          </a>
        </td>
         
        <td
          class="p-4"
        >
          this is an xml file
        </td>
         
        <td
          class="p-4"
        >
          Felicia
        </td>
         
        <td
          class="p-4"
        >
          14/11/2021
        </td>
         
        <td
          class="pl-4"
        >
          <fa-stub
            class="text-black text-sm w-5 h-5 cursor-pointer"
            icon="times"
          />
        </td>
      </tr>
    </table>
  </div>
   
  <button
    class="mt-10 bg-black text-white border rounded-full pl-2 pr-6 py-1"
  >
    <fa-stub
      icon="angle-down"
      style="width: 30px;"
    />
    Upload file
  
  </button>
   
  <uploadmodal-stub
    style="display: none;"
  />
</div>
`;
